----------------------------------------------
OSINT Report para domínio: shodan.io
Data: Mon Dec  1 12:47:22 WET 2025
----------------------------------------------

======================================
 1. WHOIS
======================================

Domain Name: shodan.io
Registry Domain ID: REDACTED
Registrar WHOIS Server: whois.gandi.net
Registrar URL: https://www.gandi.net
Updated Date: 2025-07-27T00:10:46Z
Creation Date: 2012-08-22T03:02:54Z
Registry Expiry Date: 2026-08-22T03:02:54Z
Registrar: Gandi SAS
Registrar IANA ID: 81
Registrar Abuse Contact Email: abuse@support.gandi.net
Registrar Abuse Contact Phone: +33.170377661
Domain Status: ok https://icann.org/epp#ok
Registry Registrant ID: REDACTED
Registrant Name: REDACTED
Registrant Organization: John Matherly
Registrant Street: REDACTED
Registrant City: REDACTED
Registrant State/Province: .
Registrant Postal Code: REDACTED
Registrant Country: FR
Registrant Phone: REDACTED
Registrant Phone Ext: REDACTED
Registrant Fax: REDACTED
Registrant Fax Ext: REDACTED
Registrant Email: REDACTED
Registry Admin ID: REDACTED
Admin Name: REDACTED
Admin Organization: REDACTED
Admin Street: REDACTED
Admin City: REDACTED
Admin State/Province: REDACTED
Admin Postal Code: REDACTED
Admin Country: REDACTED
Admin Phone: REDACTED
Admin Phone Ext: REDACTED
Admin Fax: REDACTED
Admin Fax Ext: REDACTED
Admin Email: REDACTED
Registry Tech ID: REDACTED
Tech Name: REDACTED
Tech Organization: REDACTED
Tech Street: REDACTED
Tech City: REDACTED
Tech State/Province: REDACTED
Tech Postal Code: REDACTED
Tech Country: REDACTED
Tech Phone: REDACTED
Tech Phone Ext: REDACTED
Tech Fax: REDACTED
Tech Fax Ext: REDACTED
Tech Email: REDACTED
Name Server: lady.ns.cloudflare.com
Name Server: ed.ns.cloudflare.com
DNSSEC: signedDelegation
URL of the ICANN Whois Inaccuracy Complaint Form: https://icann.org/wicf/
>>> Last update of WHOIS database: 2025-12-01T12:47:25Z <<<

For more information on Whois status codes, please visit https://icann.org/epp

Terms of Use: Access to WHOIS information is provided to assist persons in determining the contents of a domain name registration record in the registry database. The data in this record is provided by Identity Digital or the Registry Operator for informational purposes only, and accuracy is not guaranteed. This service is intended only for query-based access. You agree that you will use this data only for lawful purposes and that, under no circumstances will you use this data to (a) allow, enable, or otherwise support the transmission by e-mail, telephone, or facsimile of mass unsolicited, commercial advertising or solicitations to entities other than the data recipient's own existing customers; or (b) enable high volume, automated, electronic processes that send queries or data to the systems of Registry Operator, a Registrar, or Identity Digital except as reasonably necessary to register domain names or modify existing registrations. When using the Whois service, please consider the following: The Whois service is not a replacement for standard EPP commands to the SRS service. Whois is not considered authoritative for registered domain objects. The Whois service may be scheduled for downtime during production or OT&E maintenance periods. Queries to the Whois services are throttled. If too many queries are received from a single IP address within a specified time, the service will begin to reject further queries for a period of time to prevent disruption of Whois service access. Abuse of the Whois system through data mining is mitigated by detecting and limiting bulk query access from single sources. Where applicable, the presence of a [Non-Public Data] tag indicates that such data is not made publicly available due to applicable data privacy laws or requirements. Should you wish to contact the registrant, please refer to the Whois records available through the registrar URL listed above. Access to non-public data may be provided, upon request, where it can be re
asonably confirmed that the requester holds a specific legitimate interest and a proper legal basis for accessing the withheld data. Access to this data provided by Identity Digital can be requested by submitting a request via the form found at https://www.identity.digital/about/policies/whois-layered-access/. The Registrar of Record identified in this output may have an RDDS service that can be queried for additional information on how to contact the Registrant, Admin, or Tech contact of the queried domain name. Identity Digital Inc. and Registry Operator reserve the right to modify these terms at any time. By submitting this query, you agree to abide by this policy.

======================================
 2. DNS ENUM (A, MX, NS, TXT)
======================================

▶ Registo A:
104.18.12.238
104.18.13.238

▶ Registos MX:
5 alt2.aspmx.l.google.com.
1 aspmx.l.google.com.
5 alt1.aspmx.l.google.com.

▶ Servidores NS:
ed.ns.cloudflare.com.
lady.ns.cloudflare.com.

▶ Registos TXT:
"google-site-verification=BzXlMuKdXSAiX3v-VUo-M_ZZ1VPW3cwptvaIOWWGQ7c"
"v=spf1 ip4:216.117.2.180 ip4:69.72.37.146 include:_spf.google.com -all"
"MS=87251D03D1B817A70CC370D9FF17FFB7325A0110"

======================================
 3. DNSDumpster – Enumeração de subdomínios
======================================

⚠ DNSDumpster bloqueia automatização. Ver manualmente: https://dnsdumpster.com

======================================
 4. SHODAN – Serviços públicos encontrados
======================================

❌ Tens de inserir a tua SHODAN_API_KEY no script!

======================================
 5. SUMÁRIO
======================================

Domínio auditado: shodan.io
Data: Mon Dec  1 12:47:24 WET 2025
Ferramentas: WHOIS, DIG, DNSDumpster, Shodan API
Arquivo gerado: osint_report_shodan.io_2025-12-01_12-47-22.log
